g++ : src\Menu.cpp: In member function 'bool Menu::processOption(int)':
En línea: 1 Carácter: 1
+ g++ -std=c++17 -I "c:\Users\triya\Documents\CUCEI\3 SEMESTRE\POO\Proy ...
+ ~~~~~~~~~~~~~~~~~~~~~~~~~~~~~~~~~~~~~~~~~~~~~~~~~~~~~~~~~~~~~~~~~~~~~
    + CategoryInfo          : NotSpecified: (src\Menu.cpp: I...ssOption(int)'::String) [], RemoteException
    + FullyQualifiedErrorId : NativeCommandError
 
src\Menu.cpp:366:13: error: 't' was not declared in this scope; did you mean 'tm'?
  366 |         if (t == 1)
      |             ^
      |             tm
